2026-08-10 09:16:09.273: [INFO] CurrentProfilePath: D:\CDAC\CdacProjectCode\backend-microservices\.metadata\.plugins\org.eclipse.swt\EBWebView\Default
2026-08-10 09:16:09.273: [INFO] Profiles total count: 1
2026-08-10 09:16:09.273: [INFO] Profile: name=Profile 1 path=D:\CDAC\CdacProjectCode\backend-microservices\.metadata\.plugins\org.eclipse.swt\EBWebView\Default lastActive=null
2026-08-10 09:16:09.273: [INFO] LastUsedProfileDir: D:\CDAC\CdacProjectCode\backend-microservices\.metadata\.plugins\org.eclipse.swt\EBWebView\Default
2026-08-10 09:16:09.273: [INFO] OnDoneLoading sync enabled: 0
2026-08-10 09:16:09.273: [INFO] BookmarkModelLoaded, ids_reassigned: 0
2026-08-10 09:16:09.273: [INFO] BookmarksLoadDropped droppedNodes=0
2026-08-10 09:16:09.273: [INFO] BookmarksSnapshot Startup total=0 bar=0 other=0 mobile=0 showBar=0 showBarNTP=1
2026-08-10 09:16:09.938: [INFO] BookmarksSnapshot Shutdown total=0 bar=0 other=0 mobile=0 showBar=0 showBarNTP=1
2026-08-10 09:26:02.379: [INFO] CurrentProfilePath: D:\CDAC\CdacProjectCode\backend-microservices\.metadata\.plugins\org.eclipse.swt\EBWebView\Default
2026-08-10 09:26:02.379: [INFO] Profiles total count: 1
2026-08-10 09:26:02.379: [INFO] Profile: name=Profile 1 path=D:\CDAC\CdacProjectCode\backend-microservices\.metadata\.plugins\org.eclipse.swt\EBWebView\Default lastActive=null
2026-08-10 09:26:02.379: [INFO] LastUsedProfileDir: D:\CDAC\CdacProjectCode\backend-microservices\.metadata\.plugins\org.eclipse.swt\EBWebView\Default
2026-08-10 09:26:02.379: [INFO] OnDoneLoading sync enabled: 0
2026-08-10 09:26:02.379: [INFO] BookmarkModelLoaded, ids_reassigned: 0
2026-08-10 09:26:02.379: [INFO] BookmarksLoadDropped droppedNodes=0
2026-08-10 09:26:02.379: [INFO] BookmarksSnapshot Startup total=0 bar=0 other=0 mobile=0 showBar=0 showBarNTP=1
2026-08-10 09:39:54.001: [INFO] BookmarksSnapshot Shutdown total=0 bar=0 other=0 mobile=0 showBar=0 showBarNTP=1
2026-08-10 12:37:28.019: [INFO] CurrentProfilePath: D:\CDAC\CdacProjectCode\backend-microservices\.metadata\.plugins\org.eclipse.swt\EBWebView\Default
2026-08-10 12:37:28.020: [INFO] Profiles total count: 1
2026-08-10 12:37:28.020: [INFO] Profile: name=Profile 1 path=D:\CDAC\CdacProjectCode\backend-microservices\.metadata\.plugins\org.eclipse.swt\EBWebView\Default lastActive=null
2026-08-10 12:37:28.020: [INFO] LastUsedProfileDir: D:\CDAC\CdacProjectCode\backend-microservices\.metadata\.plugins\org.eclipse.swt\EBWebView\Default
2026-08-10 12:37:28.020: [INFO] OnDoneLoading sync enabled: 0
2026-08-10 12:37:28.020: [INFO] BookmarkModelLoaded, ids_reassigned: 0
2026-08-10 12:37:28.020: [INFO] BookmarksLoadDropped droppedNodes=0
2026-08-10 12:37:28.020: [INFO] BookmarksSnapshot Startup total=0 bar=0 other=0 mobile=0 showBar=0 showBarNTP=1
2026-08-10 13:22:50.167: [INFO] BookmarksSnapshot Shutdown total=0 bar=0 other=0 mobile=0 showBar=0 showBarNTP=1
2026-08-11 12:51:02.506: [INFO] CurrentProfilePath: D:\CDAC\CdacProjectCode\backend-microservices\.metadata\.plugins\org.eclipse.swt\EBWebView\Default
2026-08-11 12:51:02.506: [INFO] Profiles total count: 1
2026-08-11 12:51:02.506: [INFO] Profile: name=Profile 1 path=D:\CDAC\CdacProjectCode\backend-microservices\.metadata\.plugins\org.eclipse.swt\EBWebView\Default lastActive=null
2026-08-11 12:51:02.506: [INFO] LastUsedProfileDir: D:\CDAC\CdacProjectCode\backend-microservices\.metadata\.plugins\org.eclipse.swt\EBWebView\Default
2026-08-11 12:51:02.506: [INFO] OnDoneLoading sync enabled: 0
2026-08-11 12:51:02.506: [INFO] BookmarkModelLoaded, ids_reassigned: 0
2026-08-11 12:51:02.506: [INFO] BookmarksLoadDropped droppedNodes=0
2026-08-11 12:51:02.506: [INFO] BookmarksSnapshot Startup total=0 bar=0 other=0 mobile=0 showBar=0 showBarNTP=1
2026-08-11 12:51:05.979: [INFO] BookmarksSnapshot Shutdown total=0 bar=0 other=0 mobile=0 showBar=0 showBarNTP=1
2026-08-11 12:51:06.069: [INFO] CurrentProfilePath: D:\CDAC\CdacProjectCode\backend-microservices\.metadata\.plugins\org.eclipse.swt\EBWebView\Default
2026-08-11 12:51:06.069: [INFO] Profiles total count: 1
2026-08-11 12:51:06.069: [INFO] Profile: name=Profile 1 path=D:\CDAC\CdacProjectCode\backend-microservices\.metadata\.plugins\org.eclipse.swt\EBWebView\Default lastActive=null
2026-08-11 12:51:06.069: [INFO] LastUsedProfileDir: D:\CDAC\CdacProjectCode\backend-microservices\.metadata\.plugins\org.eclipse.swt\EBWebView\Default
2026-08-11 12:51:06.069: [INFO] OnDoneLoading sync enabled: 0
2026-08-11 12:51:06.069: [INFO] BookmarkModelLoaded, ids_reassigned: 0
2026-08-11 12:51:06.069: [INFO] BookmarksLoadDropped droppedNodes=0
2026-08-11 12:51:06.069: [INFO] BookmarksSnapshot Startup total=0 bar=0 other=0 mobile=0 showBar=0 showBarNTP=1
2026-08-11 12:51:48.896: [INFO] BookmarksSnapshot Shutdown total=0 bar=0 other=0 mobile=0 showBar=0 showBarNTP=1
2026-08-11 12:51:48.970: [INFO] CurrentProfilePath: D:\CDAC\CdacProjectCode\backend-microservices\.metadata\.plugins\org.eclipse.swt\EBWebView\Default
2026-08-11 12:51:48.970: [INFO] Profiles total count: 1
2026-08-11 12:51:48.970: [INFO] Profile: name=Profile 1 path=D:\CDAC\CdacProjectCode\backend-microservices\.metadata\.plugins\org.eclipse.swt\EBWebView\Default lastActive=null
2026-08-11 12:51:48.970: [INFO] LastUsedProfileDir: D:\CDAC\CdacProjectCode\backend-microservices\.metadata\.plugins\org.eclipse.swt\EBWebView\Default
2026-08-11 12:51:48.970: [INFO] OnDoneLoading sync enabled: 0
2026-08-11 12:51:48.970: [INFO] BookmarkModelLoaded, ids_reassigned: 0
2026-08-11 12:51:48.970: [INFO] BookmarksLoadDropped droppedNodes=0
2026-08-11 12:51:48.970: [INFO] BookmarksSnapshot Startup total=0 bar=0 other=0 mobile=0 showBar=0 showBarNTP=1
2026-08-11 13:00:11.430: [INFO] BookmarksSnapshot Shutdown total=0 bar=0 other=0 mobile=0 showBar=0 showBarNTP=1
2026-08-14 02:24:30.262: [INFO] CurrentProfilePath: D:\CDAC\CdacProjectCode\backend-microservices\.metadata\.plugins\org.eclipse.swt\EBWebView\Default
2026-08-14 02:24:30.262: [INFO] Profiles total count: 1
2026-08-14 02:24:30.262: [INFO] Profile: name=Profile 1 path=D:\CDAC\CdacProjectCode\backend-microservices\.metadata\.plugins\org.eclipse.swt\EBWebView\Default lastActive=null
2026-08-14 02:24:30.262: [INFO] LastUsedProfileDir: D:\CDAC\CdacProjectCode\backend-microservices\.metadata\.plugins\org.eclipse.swt\EBWebView\Default
2026-08-14 02:24:30.262: [INFO] OnDoneLoading sync enabled: 0
2026-08-14 02:24:30.262: [INFO] BookmarkModelLoaded, ids_reassigned: 0
2026-08-14 02:24:30.262: [INFO] BookmarksLoadDropped droppedNodes=0
2026-08-14 02:24:30.262: [INFO] BookmarksSnapshot Startup total=0 bar=0 other=0 mobile=0 showBar=0 showBarNTP=1
2026-08-14 02:24:42.448: [INFO] BookmarksSnapshot Shutdown total=0 bar=0 other=0 mobile=0 showBar=0 showBarNTP=1
2026-08-14 02:24:42.651: [INFO] CurrentProfilePath: D:\CDAC\CdacProjectCode\backend-microservices\.metadata\.plugins\org.eclipse.swt\EBWebView\Default
2026-08-14 02:24:42.651: [INFO] Profiles total count: 1
2026-08-14 02:24:42.651: [INFO] Profile: name=Profile 1 path=D:\CDAC\CdacProjectCode\backend-microservices\.metadata\.plugins\org.eclipse.swt\EBWebView\Default lastActive=null
2026-08-14 02:24:42.651: [INFO] LastUsedProfileDir: D:\CDAC\CdacProjectCode\backend-microservices\.metadata\.plugins\org.eclipse.swt\EBWebView\Default
2026-08-14 02:24:42.651: [INFO] OnDoneLoading sync enabled: 0
2026-08-14 02:24:42.651: [INFO] BookmarkModelLoaded, ids_reassigned: 0
2026-08-14 02:24:42.651: [INFO] BookmarksLoadDropped droppedNodes=0
2026-08-14 02:24:42.651: [INFO] BookmarksSnapshot Startup total=0 bar=0 other=0 mobile=0 showBar=0 showBarNTP=1
2026-08-14 02:25:43.986: [INFO] BookmarksSnapshot Shutdown total=0 bar=0 other=0 mobile=0 showBar=0 showBarNTP=1
2026-08-14 05:52:30.551: [INFO] CurrentProfilePath: D:\CDAC\CdacProjectCode\backend-microservices\.metadata\.plugins\org.eclipse.swt\EBWebView\Default
2026-08-14 05:52:30.551: [INFO] Profiles total count: 1
2026-08-14 05:52:30.551: [INFO] Profile: name=Profile 1 path=D:\CDAC\CdacProjectCode\backend-microservices\.metadata\.plugins\org.eclipse.swt\EBWebView\Default lastActive=null
2026-08-14 05:52:30.551: [INFO] LastUsedProfileDir: D:\CDAC\CdacProjectCode\backend-microservices\.metadata\.plugins\org.eclipse.swt\EBWebView\Default
2026-08-14 05:52:30.551: [INFO] OnDoneLoading sync enabled: 0
2026-08-14 05:52:30.551: [INFO] BookmarkModelLoaded, ids_reassigned: 0
2026-08-14 05:52:30.551: [INFO] BookmarksLoadDropped droppedNodes=0
2026-08-14 05:52:30.551: [INFO] BookmarksSnapshot Startup total=0 bar=0 other=0 mobile=0 showBar=0 showBarNTP=1
2026-08-14 05:57:32.258: [INFO] BookmarksSnapshot Shutdown total=0 bar=0 other=0 mobile=0 showBar=0 showBarNTP=1
2026-08-14 06:03:36.655: [INFO] CurrentProfilePath: D:\CDAC\CdacProjectCode\backend-microservices\.metadata\.plugins\org.eclipse.swt\EBWebView\Default
2026-08-14 06:03:36.655: [INFO] Profiles total count: 1
2026-08-14 06:03:36.655: [INFO] Profile: name=Profile 1 path=D:\CDAC\CdacProjectCode\backend-microservices\.metadata\.plugins\org.eclipse.swt\EBWebView\Default lastActive=null
2026-08-14 06:03:36.655: [INFO] LastUsedProfileDir: D:\CDAC\CdacProjectCode\backend-microservices\.metadata\.plugins\org.eclipse.swt\EBWebView\Default
2026-08-14 06:03:36.655: [INFO] OnDoneLoading sync enabled: 0
2026-08-14 06:03:36.655: [INFO] BookmarkModelLoaded, ids_reassigned: 0
2026-08-14 06:03:36.655: [INFO] BookmarksLoadDropped droppedNodes=0
2026-08-14 06:03:36.655: [INFO] BookmarksSnapshot Startup total=0 bar=0 other=0 mobile=0 showBar=0 showBarNTP=1
2026-08-14 06:06:47.336: [INFO] BookmarksSnapshot Shutdown total=0 bar=0 other=0 mobile=0 showBar=0 showBarNTP=1
2026-08-14 06:09:28.454: [INFO] CurrentProfilePath: D:\CDAC\CdacProjectCode\backend-microservices\.metadata\.plugins\org.eclipse.swt\EBWebView\Default
2026-08-14 06:09:28.454: [INFO] Profiles total count: 1
2026-08-14 06:09:28.455: [INFO] Profile: name=Profile 1 path=D:\CDAC\CdacProjectCode\backend-microservices\.metadata\.plugins\org.eclipse.swt\EBWebView\Default lastActive=null
2026-08-14 06:09:28.455: [INFO] LastUsedProfileDir: D:\CDAC\CdacProjectCode\backend-microservices\.metadata\.plugins\org.eclipse.swt\EBWebView\Default
2026-08-14 06:09:28.455: [INFO] OnDoneLoading sync enabled: 0
2026-08-14 06:09:28.455: [INFO] BookmarkModelLoaded, ids_reassigned: 0
2026-08-14 06:09:28.455: [INFO] BookmarksLoadDropped droppedNodes=0
2026-08-14 06:09:28.455: [INFO] BookmarksSnapshot Startup total=0 bar=0 other=0 mobile=0 showBar=0 showBarNTP=1
2026-08-14 06:12:15.277: [INFO] BookmarksSnapshot Shutdown total=0 bar=0 other=0 mobile=0 showBar=0 showBarNTP=1
2026-08-14 06:13:15.414: [INFO] CurrentProfilePath: D:\CDAC\CdacProjectCode\backend-microservices\.metadata\.plugins\org.eclipse.swt\EBWebView\Default
2026-08-14 06:13:15.414: [INFO] Profiles total count: 1
2026-08-14 06:13:15.414: [INFO] Profile: name=Profile 1 path=D:\CDAC\CdacProjectCode\backend-microservices\.metadata\.plugins\org.eclipse.swt\EBWebView\Default lastActive=null
2026-08-14 06:13:15.414: [INFO] LastUsedProfileDir: D:\CDAC\CdacProjectCode\backend-microservices\.metadata\.plugins\org.eclipse.swt\EBWebView\Default
2026-08-14 06:13:15.414: [INFO] OnDoneLoading sync enabled: 0
2026-08-14 06:13:15.414: [INFO] BookmarkModelLoaded, ids_reassigned: 0
2026-08-14 06:13:15.414: [INFO] BookmarksLoadDropped droppedNodes=0
2026-08-14 06:13:15.414: [INFO] BookmarksSnapshot Startup total=0 bar=0 other=0 mobile=0 showBar=0 showBarNTP=1
2026-08-14 06:15:47.239: [INFO] BookmarksSnapshot Shutdown total=0 bar=0 other=0 mobile=0 showBar=0 showBarNTP=1
2026-08-14 06:16:41.361: [INFO] CurrentProfilePath: D:\CDAC\CdacProjectCode\backend-microservices\.metadata\.plugins\org.eclipse.swt\EBWebView\Default
2026-08-14 06:16:41.361: [INFO] Profiles total count: 1
2026-08-14 06:16:41.361: [INFO] Profile: name=Profile 1 path=D:\CDAC\CdacProjectCode\backend-microservices\.metadata\.plugins\org.eclipse.swt\EBWebView\Default lastActive=null
2026-08-14 06:16:41.361: [INFO] LastUsedProfileDir: D:\CDAC\CdacProjectCode\backend-microservices\.metadata\.plugins\org.eclipse.swt\EBWebView\Default
2026-08-14 06:16:41.361: [INFO] OnDoneLoading sync enabled: 0
2026-08-14 06:16:41.361: [INFO] BookmarkModelLoaded, ids_reassigned: 0
2026-08-14 06:16:41.361: [INFO] BookmarksLoadDropped droppedNodes=0
2026-08-14 06:16:41.361: [INFO] BookmarksSnapshot Startup total=0 bar=0 other=0 mobile=0 showBar=0 showBarNTP=1
2026-08-14 06:20:19.443: [INFO] BookmarksSnapshot Shutdown total=0 bar=0 other=0 mobile=0 showBar=0 showBarNTP=1
